../Core/Src/main.c:71:5:main	104	static
../Core/Src/main.c:178:8:createPlayer	64	static
../Core/Src/main.c:190:6:updatePlayer	24	static
../Core/Src/main.c:216:6:updatePlayerSpeed	16	static
../Core/Src/main.c:223:5:dotEat	56	static
../Core/Src/main.c:247:6:calculateBotMovement	56	static
../Core/Src/main.c:324:6:dotPosition	16	static
../Core/Src/main.c:329:6:dotDraw	16	static
../Core/Src/main.c:334:6:menuDisplay	16	static
../Core/Src/main.c:364:6:drawMenuInterface	16	static
../Core/Src/main.c:378:6:loadingAnimation	24	static
../Core/Src/main.c:402:6:showAuthors	16	static
../Core/Src/main.c:416:6:showDescription	16	static
../Core/Src/main.c:447:6:showScores	40	static
../Core/Src/main.c:465:6:thanksForPlaying	16	static
../Core/Src/main.c:473:6:winAnimation	24	static
../Core/Src/main.c:523:6:loseAnimation	24	static
../Core/Src/main.c:550:6:resetGame	64	static
../Core/Src/main.c:561:6:read_flash_memory	32	static
../Core/Src/main.c:568:6:store_flash_memory	56	static
../Core/Src/main.c:604:6:resetHighScores	16	static
../Core/Src/main.c:612:6:loadHighScores	8	static
../Core/Src/main.c:623:6:updateHighScores	24	static
../Core/Src/main.c:650:6:SystemClock_Config	96	static
../Core/Src/main.c:676:13:MX_I2C1_Init	176	static
../Core/Src/main.c:707:13:MX_SPI1_Init	8	static
../Core/Src/main.c:726:13:MX_USART2_UART_Init	8	static
../Core/Src/main.c:741:13:MX_GPIO_Init	48	static
../Core/Src/main.c:797:6:Error_Handler	4	static,ignoring_inline_asm
